<?xml version="1.0" encoding="UTF-8"?>
<testsuites name="jest tests" tests="1" failures="0" errors="0" time="0.29">
  <testsuite name="sum.test.js" errors="0" failures="0" skipped="0" timestamp="2024-08-01T22:22:09" time="0.238" tests="1">
    <testcase classname=" adds 1+2 t equal3" name=" adds 1+2 t equal3" time="0.002">
    </testcase>
  </testsuite>
</testsuites>